// Jest Snapshot v1, https://goo.gl/fbAQLP

exports[`First commit should match snapshot 1`] = `
Object {
  "author": Object {
    "email": "philipp.mudra@web.de",
    "id": "Philipp Mudra__philipp.mudra@web.de",
    "name": "Philipp Mudra",
  },
  "body": "",
  "date": 2019-11-10T18:07:04.000Z,
  "diff": Object {
    "changed": 11,
    "deletions": 0,
    "files": Array [
      Object {
        "binary": false,
        "changes": 53,
        "deletions": 0,
        "file": ".devcontainer/Dockerfile",
        "insertions": 1,
      },
      Object {
        "binary": false,
        "changes": 26,
        "deletions": 0,
        "file": ".devcontainer/devcontainer.json",
        "insertions": 1,
      },
      Object {
        "binary": false,
        "changes": 99,
        "deletions": 0,
        "file": ".gitignore",
        "insertions": 1,
      },
      Object {
        "binary": false,
        "changes": 7,
        "deletions": 0,
        "file": ".prettierrc",
        "insertions": 1,
      },
      Object {
        "binary": false,
        "changes": 2,
        "deletions": 0,
        "file": "gatsby-node.js",
        "insertions": 1,
      },
      Object {
        "binary": false,
        "changes": 1,
        "deletions": 0,
        "file": "index.js",
        "insertions": 1,
      },
      Object {
        "binary": false,
        "changes": 15419,
        "deletions": 0,
        "file": "package-lock.json",
        "insertions": 38,
      },
      Object {
        "binary": false,
        "changes": 25,
        "deletions": 0,
        "file": "package.json",
        "insertions": 1,
      },
      Object {
        "binary": false,
        "changes": 56,
        "deletions": 0,
        "file": "src/gatsby-node.ts",
        "insertions": 1,
      },
      Object {
        "binary": false,
        "changes": 25,
        "deletions": 0,
        "file": "src/git.ts",
        "insertions": 1,
      },
      Object {
        "binary": false,
        "changes": 67,
        "deletions": 0,
        "file": "tsconfig.json",
        "insertions": 1,
      },
    ],
    "insertions": 15780,
  },
  "hash": "c003b915fa82ae86adcebd9f9461bbd215fd52eb",
  "id": "c003b915fa82ae86adcebd9f9461bbd215fd52eb",
  "latest": false,
  "message": "Initial commit",
  "refs": "",
}
`;

exports[`First tag should match snapshot 1`] = `
Object {
  "id": "v0.1.2",
  "latest": false,
  "name": "v0.1.2",
}
`;
